<html>
<head><title>CheckGroupTestPage4</title></head>
<body>
	<form wicket:id="form" id="formd" method="post" action="../page?3-1.IFormSubmitListener-form"><div style="width:0px;height:0px;position:absolute;left:-100px;top:-100px;overflow:hidden"><input type="hidden" name="formd_hf_0" id="formd_hf_0" /></div>
		
			<input type="checkbox" wicket:id="check1" id="check1e" name="group" value="check1" checked="checked" class="wicket-groupf">check1</input>
			<span wicket:id="container">
				<input type="checkbox" wicket:id="check2" id="check210" name="group" value="check2" checked="checked" class="wicket-groupf">check2</input>
			</span>
		
	</form>
</body>
</html>
