<html>
<head><title>RadioGroupTestPage1</title></head>
<body>
	<form wicket:id="form" id="form1" method="post" action="../page?0-1.IFormSubmitListener-form"><div style="width:0px;height:0px;position:absolute;left:-100px;top:-100px;overflow:hidden"><input type="hidden" name="form1_hf_0" id="form1_hf_0" /></div>
		
			<input type="radio" wicket:id="radio1" id="radio12" name="group" value="radio1" class="wicket-group3">radio1</input>
			<span wicket:id="container">
				<input type="radio" wicket:id="radio2" id="radio24" name="group" value="radio2" checked="checked" class="wicket-group3">radio2</input>
			</span>
		
	</form>
</body>
</html>
