<html>
<head><title>CheckGroupTestPage3</title></head>
<body>
	<form wicket:id="form" id="form9" method="post" action="../page?2-1.IFormSubmitListener-form"><div style="width:0px;height:0px;position:absolute;left:-100px;top:-100px;overflow:hidden"><input type="hidden" name="form9_hf_0" id="form9_hf_0" /></div>
		
			<input type="checkbox" wicket:id="check1" id="check1a" name="group" value="check1" class="wicket-groupb">check1</input>
			<span wicket:id="container">
				<input type="checkbox" wicket:id="check2" id="check2c" name="group" value="check2" checked="checked" class="wicket-groupb">check2</input>
			</span>
		
	</form>
</body>
</html>
