<html>
<body>
<form wicket:id="form" id="form1" method="post" action="../page?0-1.IFormSubmitListener-form"><div style="width:0px;height:0px;position:absolute;left:-100px;top:-100px;overflow:hidden"><input type="hidden" name="form1_hf_0" id="form1_hf_0" /></div>
	
		<input wicket:id="check1" type="radio" id="check12" name="radio" value="radio1" checked="checked" class="wicket-radio3">Yes
		<input wicket:id="check2" type="radio" id="check24" name="radio" value="radio2" checked="checked" class="wicket-radio3">No
	
</form>
</body>
</html>