<?xml version="1.0" encoding="UTF-8"?><ajax-response><header-contribution><![CDATA[<head xmlns:wicket="http://wicket.apache.org">
<link href="../test"/>
<script type="text/javascript" src="../javascripturl"></script>
</head>]]></header-contribution><component id="test11" ><![CDATA[<span wicket:id="test1" id="test11"><wicket:panel>
test
</wicket:panel></span>]]></component><component id="test22" ><![CDATA[<span wicket:id="test2" id="test22"><wicket:panel>
test
</wicket:panel></span>]]></component><component id="test33" ><![CDATA[<span wicket:id="test3" id="test33"><wicket:panel>
test
</wicket:panel></span>]]></component><priority-evaluate><![CDATA[prepend();]]></priority-evaluate><evaluate><![CDATA[domReady();]]></evaluate><evaluate><![CDATA[append();]]></evaluate><evaluate><![CDATA[onLoad();]]></evaluate></ajax-response>